******************************************************************************
                  TI ARM Linker PC v20.2.5                     
******************************************************************************
>> Linked Mon Mar  7 15:04:47 2022

OUTPUT FILE NAME:   <final.out>
ENTRY POINT SYMBOL: "_c_int00_noargs"  address: 000010bd


MEMORY CONFIGURATION

         name            origin    length      used     unused   attr    fill
----------------------  --------  ---------  --------  --------  ----  --------
  FLASH                 00000000   00100000  0000179a  000fe866  R  X
  SRAM                  20000000   00040000  00000434  0003fbcc  RW X


SEGMENT ALLOCATION MAP

run origin  load origin   length   init length attrs members
----------  ----------- ---------- ----------- ----- -------
00000000    00000000    000017a0   000017a0    r-x
  00000000    00000000    00000208   00000208    r-- .intvecs
  00000208    00000208    0000105e   0000105e    r-x .text
  00001268    00001268    000004e4   000004e4    r-- .const
  00001750    00001750    00000050   00000050    r-- .cinit
20000000    20000000    00000434   00000000    rw-
  20000000    20000000    00000200   00000000    rw- .stack
  20000200    20000200    000001fc   00000000    rw- .bss
  200003fc    200003fc    00000038   00000000    rw- .data


SECTION ALLOCATION MAP

 output                                  attributes/
section   page    origin      length       input sections
--------  ----  ----------  ----------   ----------------
.intvecs   0    00000000    00000208     
                  00000000    00000208     tm4c1294ncpdt_startup_ccs.obj (.intvecs)

.text      0    00000208    0000105e     
                  00000208    00000488     nokia5110.obj (.text)
                  00000690    00000478     main.obj (.text)
                  00000b08    00000200     driverlib.lib : sysctl.obj (.text:SysCtlClockFreqSet)
                  00000d08    00000132                   : gpio.obj (.text:GPIOPadConfigSet)
                  00000e3a    0000009c     rtsv7M4_T_le_v4SPD16_eabi.lib : memcpy_t2.asm.obj (.text)
                  00000ed6    00000068                                   : copy_decompress_lzss.c.obj (.text:decompress:lzss:__TI_decompress_lzss)
                  00000f3e    00000002                                   : _lock.c.obj (.text:_nop)
                  00000f40    00000048     driverlib.lib : gpio.obj (.text:GPIOPinConfigure)
                  00000f88    00000048                   : sysctl.obj (.text:_SysCtlFrequencyGet)
                  00000fd0    00000044     rtsv7M4_T_le_v4SPD16_eabi.lib : autoinit.c.obj (.text:__TI_auto_init_nobinit_nopinit:__TI_auto_init_nobinit_nopinit)
                  00001014    0000003c     driverlib.lib : ssi.obj (.text:SSIConfigSetExpClk)
                  00001050    00000038                   : sysctl.obj (.text:SysCtlPeripheralReady)
                  00001088    00000034                   : sysctl.obj (.text:SysCtlPeripheralEnable)
                  000010bc    00000034     rtsv7M4_T_le_v4SPD16_eabi.lib : boot_cortex_m.c.obj (.text:_c_int00_noargs:_c_int00_noargs)
                  000010f0    00000034                                   : rand.c.obj (.text:rand)
                  00001124    0000002a     driverlib.lib : gpio.obj (.text:GPIODirModeSet)
                  0000114e    00000002     --HOLE-- [fill = 0]
                  00001150    00000020                   : sysctl.obj (.text:_SysCtlMemTimingGet)
                  00001170    0000001c     rtsv7M4_T_le_v4SPD16_eabi.lib : copy_zero_init.c.obj (.text:decompress:ZI:__TI_zero_init_nomemset:__TI_zero_init_nomemset)
                  0000118c    00000018     driverlib.lib : gpio.obj (.text:GPIOPinTypeGPIOOutput)
                  000011a4    00000014                   : systick.obj (.text:SysTickEnable)
                  000011b8    00000014                   : systick.obj (.text:SysTickIntEnable)
                  000011cc    00000012                   : gpio.obj (.text:GPIOPinTypeSSI)
                  000011de    00000010                   : interrupt.obj (.text:IntMasterEnable)
                  000011ee    00000002     --HOLE-- [fill = 0]
                  000011f0    00000010                   : systick.obj (.text:SysTickPeriodSet)
                  00001200    0000000e     rtsv7M4_T_le_v4SPD16_eabi.lib : copy_decompress_none.c.obj (.text:decompress:none:__TI_decompress_none)
                  0000120e    0000000c     driverlib.lib : cpu.obj (.text:CPUcpsie)
                  0000121a    0000000c     tm4c1294ncpdt_startup_ccs.obj (.text)
                  00001226    0000000a     driverlib.lib : ssi.obj (.text:SSIDataPut)
                  00001230    0000000a                   : ssi.obj (.text:SSIDisable)
                  0000123a    0000000a                   : ssi.obj (.text:SSIEnable)
                  00001244    00000008                   : ssi.obj (.text:SSIBusy)
                  0000124c    00000006                   : gpio.obj (.text:GPIOPinRead)
                  00001252    00000006                   : gpio.obj (.text:GPIOPinWrite)
                  00001258    00000006                   : sysctl.obj (.text:SysCtlDelay)
                  0000125e    00000004     rtsv7M4_T_le_v4SPD16_eabi.lib : pre_init.c.obj (.text:_system_pre_init)
                  00001262    00000004                                   : exit.c.obj (.text:abort:abort)

.const     0    00001268    000004e4     
                  00001268    000001e5     nokia5110.obj (.const:ASCII)
                  0000144d    00000003     --HOLE-- [fill = 0]
                  00001450    000001b0     driverlib.lib : sysctl.obj (.const:g_pppui32XTALtoVCO)
                  00001600    00000090                   : gpio.obj (.const:g_pui32GPIOBaseAddrs)
                  00001690    0000006c                   : sysctl.obj (.const:g_pui32Xtals)
                  000016fc    00000030                   : sysctl.obj (.const:g_sXTALtoMEMTIM)
                  0000172c    00000008     nokia5110.obj (.const:.string:Masks)
                  00001734    00000008     main.obj (.const:.string:obstacle)
                  0000173c    00000008     main.obj (.const:.string:player0)
                  00001744    00000008     driverlib.lib : sysctl.obj (.const)

.cinit     0    00001750    00000050     
                  00001750    00000025     (.cinit..data.load) [load image, compression = lzss]
                  00001775    00000003     --HOLE-- [fill = 0]
                  00001778    0000000c     (__TI_handler_table)
                  00001784    00000004     --HOLE-- [fill = 0]
                  00001788    00000008     (.cinit..bss.load) [load image, compression = zero_init]
                  00001790    00000010     (__TI_cinit_table)

.init_array 
*          0    00000000    00000000     UNINITIALIZED

.bss       0    20000200    000001fc     UNINITIALIZED
                  20000200    000001f8     (.common:Screen)
                  200003f8    00000004     (.common:g_ui32SysClockFreq)

.data      0    200003fc    00000038     UNINITIALIZED
                  200003fc    00000010     main.obj (.data:obstacleX)
                  2000040c    00000010     main.obj (.data:shotX)
                  2000041c    00000009     main.obj (.data)
                  20000425    00000003     --HOLE--
                  20000428    00000008     rtsv7M4_T_le_v4SPD16_eabi.lib : _lock.c.obj (.data:$O1$$)
                  20000430    00000004                                   : rand.c.obj (.data)

.stack     0    20000000    00000200     UNINITIALIZED
                  20000000    00000004     rtsv7M4_T_le_v4SPD16_eabi.lib : boot_cortex_m.c.obj (.stack)
                  20000004    000001fc     --HOLE--

__llvm_prf_cnts 
*          0    20000000    00000000     UNINITIALIZED

MODULE SUMMARY

       Module                          code   ro data   rw data
       ------                          ----   -------   -------
    .\
       nokia5110.obj                   1160   493       504    
       main.obj                        1144   16        45     
       tm4c1294ncpdt_startup_ccs.obj   12     520       0      
    +--+-------------------------------+------+---------+---------+
       Total:                          2316   1029      549    
                                                               
    D:/Arquivo de programas/ti/TivaWare_C_Series-2.1.4.178/driverlib/ccs/Debug/driverlib.lib
       sysctl.obj                      730    596       0      
       gpio.obj                        474    144       0      
       ssi.obj                         98     0         0      
       systick.obj                     56     0         0      
       interrupt.obj                   16     0         0      
       cpu.obj                         12     0         0      
    +--+-------------------------------+------+---------+---------+
       Total:                          1386   740       0      
                                                               
    D:\Arquivo de programas\ti\ccs\tools\compiler\ti-cgt-arm_20.2.5.LTS\lib\rtsv7M4_T_le_v4SPD16_eabi.lib
       memcpy_t2.asm.obj               156    0         0      
       copy_decompress_lzss.c.obj      104    0         0      
       autoinit.c.obj                  68     0         0      
       rand.c.obj                      52     0         4      
       boot_cortex_m.c.obj             52     0         0      
       copy_zero_init.c.obj            28     0         0      
       copy_decompress_none.c.obj      14     0         0      
       _lock.c.obj                     2      0         8      
       exit.c.obj                      4      0         0      
       pre_init.c.obj                  4      0         0      
    +--+-------------------------------+------+---------+---------+
       Total:                          484    0         12     
                                                               
       Stack:                          0      0         512    
       Linker Generated:               0      73        0      
    +--+-------------------------------+------+---------+---------+
       Grand Total:                    4186   1842      1073   


LINKER GENERATED COPY TABLES

__TI_cinit_table @ 00001790 records: 2, size/record: 8, table size: 16
	.data: load addr=00001750, load size=00000025 bytes, run addr=200003fc, run size=00000038 bytes, compression=lzss
	.bss: load addr=00001788, load size=00000008 bytes, run addr=20000200, run size=000001fc bytes, compression=zero_init


LINKER GENERATED HANDLER TABLE

__TI_handler_table @ 00001778 records: 3, size/record: 4, table size: 12
	index: 0, handler: __TI_decompress_lzss
	index: 1, handler: __TI_decompress_none
	index: 2, handler: __TI_zero_init


GLOBAL SYMBOLS: SORTED ALPHABETICALLY BY Name 

address   name                          
-------   ----                          
00001263  C$$EXIT                       
0000120f  CPUcpsie                      
00001125  GPIODirModeSet                
00000d09  GPIOPadConfigSet              
00000f41  GPIOPinConfigure              
0000124d  GPIOPinRead                   
0000118d  GPIOPinTypeGPIOOutput         
000011cd  GPIOPinTypeSSI                
00001253  GPIOPinWrite                  
00000691  IntHandler                    
000011df  IntMasterEnable               
000009d5  IntSetup                      
0000172c  Masks                         
0000121b  ResetISR                      
00001245  SSIBusy                       
00001015  SSIConfigSetExpClk            
00001227  SSIDataPut                    
00001231  SSIDisable                    
0000123b  SSIEnable                     
20000200  Screen                        
00000b09  SysCtlClockFreqSet            
00001259  SysCtlDelay                   
00001089  SysCtlPeripheralEnable        
00001051  SysCtlPeripheralReady         
000011a5  SysTickEnable                 
000011b9  SysTickIntEnable              
000011f1  SysTickPeriodSet              
000007c5  SysticklHandler               
20000200  __STACK_END                   
00000200  __STACK_SIZE                  
20000200  __STACK_TOP                   
00001790  __TI_CINIT_Base               
000017a0  __TI_CINIT_Limit              
00001778  __TI_Handler_Table_Base       
00001784  __TI_Handler_Table_Limit      
00000fd1  __TI_auto_init_nobinit_nopinit
00000ed7  __TI_decompress_lzss          
00001201  __TI_decompress_none          
ffffffff  __TI_pprof_out_hndl           
ffffffff  __TI_prof_data_size           
ffffffff  __TI_prof_data_start          
00000000  __TI_static_base__            
00001171  __TI_zero_init_nomemset       
00000e3b  __aeabi_memcpy                
00000e3b  __aeabi_memcpy4               
00000e3b  __aeabi_memcpy8               
ffffffff  __binit__                     
ffffffff  __c_args__                    
UNDEFED   __mpu_init                    
20000000  __stack                       
20000000  __start___llvm_prf_cnts       
20000000  __stop___llvm_prf_cnts        
000010bd  _c_int00_noargs               
20000428  _lock                         
00000f3f  _nop                          
UNDEFED   _system_post_cinit            
0000125f  _system_pre_init              
2000042c  _unlock                       
00001263  abort                         
ffffffff  binit                         
2000041e  count                         
00000000  g_pfnVectors                  
200003f8  g_ui32SysClockFreq            
20000424  gameOver                      
0000025b  lcdWrite                      
00000a1d  main                          
00000e3b  memcpy                        
00000657  nokia5110_Clear               
00000395  nokia5110_ClrPxl              
000003e1  nokia5110_DrawFullImage       
0000041f  nokia5110_OutChar             
00000491  nokia5110_OutDec              
0000045d  nokia5110_OutString           
00000359  nokia5110_SetCursor           
000003bb  nokia5110_SetPxl              
00000415  nokia5110_displayScreen       
000002b9  nokia5510init                 
00001734  obstacle                      
2000041d  obstacleV                     
200003fc  obstacleX                     
0000173c  player0                       
2000041c  playerY                       
20000420  pont                          
000010f1  rand                          
2000040c  shotX                         


GLOBAL SYMBOLS: SORTED BY Symbol Address 

address   name                          
-------   ----                          
00000000  __TI_static_base__            
00000000  g_pfnVectors                  
00000200  __STACK_SIZE                  
0000025b  lcdWrite                      
000002b9  nokia5510init                 
00000359  nokia5110_SetCursor           
00000395  nokia5110_ClrPxl              
000003bb  nokia5110_SetPxl              
000003e1  nokia5110_DrawFullImage       
00000415  nokia5110_displayScreen       
0000041f  nokia5110_OutChar             
0000045d  nokia5110_OutString           
00000491  nokia5110_OutDec              
00000657  nokia5110_Clear               
00000691  IntHandler                    
000007c5  SysticklHandler               
000009d5  IntSetup                      
00000a1d  main                          
00000b09  SysCtlClockFreqSet            
00000d09  GPIOPadConfigSet              
00000e3b  __aeabi_memcpy                
00000e3b  __aeabi_memcpy4               
00000e3b  __aeabi_memcpy8               
00000e3b  memcpy                        
00000ed7  __TI_decompress_lzss          
00000f3f  _nop                          
00000f41  GPIOPinConfigure              
00000fd1  __TI_auto_init_nobinit_nopinit
00001015  SSIConfigSetExpClk            
00001051  SysCtlPeripheralReady         
00001089  SysCtlPeripheralEnable        
000010bd  _c_int00_noargs               
000010f1  rand                          
00001125  GPIODirModeSet                
00001171  __TI_zero_init_nomemset       
0000118d  GPIOPinTypeGPIOOutput         
000011a5  SysTickEnable                 
000011b9  SysTickIntEnable              
000011cd  GPIOPinTypeSSI                
000011df  IntMasterEnable               
000011f1  SysTickPeriodSet              
00001201  __TI_decompress_none          
0000120f  CPUcpsie                      
0000121b  ResetISR                      
00001227  SSIDataPut                    
00001231  SSIDisable                    
0000123b  SSIEnable                     
00001245  SSIBusy                       
0000124d  GPIOPinRead                   
00001253  GPIOPinWrite                  
00001259  SysCtlDelay                   
0000125f  _system_pre_init              
00001263  C$$EXIT                       
00001263  abort                         
0000172c  Masks                         
00001734  obstacle                      
0000173c  player0                       
00001778  __TI_Handler_Table_Base       
00001784  __TI_Handler_Table_Limit      
00001790  __TI_CINIT_Base               
000017a0  __TI_CINIT_Limit              
20000000  __stack                       
20000000  __start___llvm_prf_cnts       
20000000  __stop___llvm_prf_cnts        
20000200  Screen                        
20000200  __STACK_END                   
20000200  __STACK_TOP                   
200003f8  g_ui32SysClockFreq            
200003fc  obstacleX                     
2000040c  shotX                         
2000041c  playerY                       
2000041d  obstacleV                     
2000041e  count                         
20000420  pont                          
20000424  gameOver                      
20000428  _lock                         
2000042c  _unlock                       
ffffffff  __TI_pprof_out_hndl           
ffffffff  __TI_prof_data_size           
ffffffff  __TI_prof_data_start          
ffffffff  __binit__                     
ffffffff  __c_args__                    
ffffffff  binit                         
UNDEFED   __mpu_init                    
UNDEFED   _system_post_cinit            

[85 symbols]
